loaded+interned in 4.2s: TUs=689 raw=1985715205 distinct_lines=637610 line_occ=69094918 region_occ=2521258 distinct_regions=210074
byte-exactness anchors OK (raw == line-id stream == region-id expansion)
S_bpe_line BPE:
    round 0: cands=152633 tok 69095607 -> 35263307 (rules=152633)
    round 1: cands=173977 tok 35263307 -> 18498107 (rules=326610)
    round 2: cands=171615 tok 18498107 -> 10218833 (rules=498225)
    round 3: cands=149914 tok 10218833 -> 6162611 (rules=648139)
    round 4: cands=106059 tok 6162611 -> 4253440 (rules=754198)
    round 5: cands=60111 tok 4253440 -> 3383876 (rules=814309)
    round 6: cands=31285 tok 3383876 -> 2973898 (rules=845594)
    round 7: cands=15778 tok 2973898 -> 2779572 (rules=861372)
    round 8: cands=7673 tok 2779572 -> 2685899 (rules=869045)
    round 9: cands=3667 tok 2685899 -> 2640545 (rules=872712)
    round 10: cands=1718 tok 2640545 -> 2618718 (rules=874430)
    round 11: cands=770 tok 2618718 -> 2608714 (rules=875200)
    round 12: cands=341 tok 2608714 -> 2604243 (rules=875541)
    round 13: cands=149 tok 2604243 -> 2602124 (rules=875690)
    round 14: cands=62 tok 2602124 -> 2601155 (rules=875752)
    round 15: cands=23 tok 2601155 -> 2600755 (rules=875775)
    round 16: cands=6 tok 2600755 -> 2600621 (rules=875781)
    round 17: cands=1 tok 2600621 -> 2600603 (rules=875782)
    round 18: no pair >= 16, stop
  built in 16.8s rules=875782 coverage=98.0% verify=OK
S_bpe_region BPE:
    round 0: cands=9209 tok 2521947 -> 1388243 (rules=9209)
    round 1: cands=8564 tok 1388243 -> 828976 (rules=17773)
    round 2: cands=7533 tok 828976 -> 557080 (rules=25306)
    round 3: cands=5518 tok 557080 -> 430607 (rules=30824)
    round 4: cands=3111 tok 430607 -> 374710 (rules=33935)
    round 5: cands=1625 tok 374710 -> 348947 (rules=35560)
    round 6: cands=837 tok 348947 -> 336800 (rules=36397)
    round 7: cands=400 tok 336800 -> 331215 (rules=36797)
    round 8: cands=188 tok 331215 -> 328602 (rules=36985)
    round 9: cands=88 tok 328602 -> 327304 (rules=37073)
    round 10: cands=35 tok 327304 -> 326777 (rules=37108)
    round 11: cands=14 tok 326777 -> 326487 (rules=37122)
    round 12: cands=3 tok 326487 -> 326426 (rules=37125)
    round 13: no pair >= 16, stop
  built in 0.5s rules=37125 verify=OK

==== SUPERBLOCK COMPRESSION REPORT ====
corpus: /tanksmall/scratch/ictmp/corpus3/manifest.txt
TUs=689  raw_source=1893.7 MiB  distinct_lines=637610  line_occ=69094918  region_occ=2521258  distinct_regions=210074
shared line-text dictionary (amortized) = 52.20 MiB

RECURRING per-TU wire cost (dictionaries amortized; each TU zstd'd independently):
  perTU-L3      = each TU's occurrence body, zstd-L3, no dictionary (summed)
  perTU+zdict   = same, but WITH a trained cross-TU zstd dictionary (fair control)
  whole-L3/L19  = whole corpus batched into one zstd stream (theoretical floor)

encoding                                      perTU-L3    KB/TU perTU+zdict |   whole-L3   wholeL19  cover% verify
B_global (line-id stream)                     87932414    124.6    19572499 |    9497050    2054192    0.0 OK
B_local (line-id stream, per-TU local remap + keyset)    88524914    125.5    79498874 |   58547430   24296404    0.0 OK
S_region (marker regions)                      4688490      6.6     1336340 |     547623     506120   97.6 OK
S_bpe_line (general line-runs)                 5729731      8.1     3692195 |    2867314    2151489   98.0 OK
S_bpe_region ((a)+(b) super-regions)            726473      1.0      460405 |     536306     526025   97.6 OK

AMORTIZED artifacts (sent once over all jobs): superblock dict = composition table/grammar;
zdict = the trained zstd dictionary used by the perTU+zdict column.
encoding                                       dict_raw     dict-L3    zdict_sz     blocks
B_global (line-id stream)                             0           0      262144     637610
B_local (line-id stream, per-TU local remap + keyset)            0           0      262144     637610
S_region (marker regions)                       4439255     2362523       22599     210074
S_bpe_line (general line-runs)                  5090618     3263256      262144     875782
S_bpe_region ((a)+(b) super-regions)            4643954     2524829      248968      37125

---- DECISIVE: does an explicit superblock layer beat zstd on the line-id stream? ----
baseline B_global line-id stream:  per-TU-L3=87932414 (124.6 KB/TU)  whole-L3=9497050  whole-L19=2054192
  S_region (marker regions)                per-TU-L3  +94.7%   whole-L3  +94.2%   whole-L19  +75.4%
  S_bpe_line (general line-runs)           per-TU-L3  +93.5%   whole-L3  +69.8%   whole-L19   -4.7%
  S_bpe_region ((a)+(b) super-regions)     per-TU-L3  +99.2%   whole-L3  +94.4%   whole-L19  +74.4%
(positive % = superblock body is SMALLER than the line-id body at that setting.)

---- POISON sensitivity (one line inserted after a common header marker) ----
modified TUs=689  new distinct lines=+1  new distinct regions=+1 (of 210075)  region_occ(poison)=2521258
hierarchical superblocks localize the edit: only the poisoned region (and any super-region
containing it) is new; every other region/superblock is reused unchanged.
	Command being timed: "taskset -c 5 ./superblock-bench --manifest /tanksmall/scratch/ictmp/corpus3/manifest.txt --zstd19 --bpe-min 16 --poison"
	User time (seconds): 68.26
	System time (seconds): 12.43
	Percent of CPU this job got: 99%
	Elapsed (wall clock) time (h:mm:ss or m:ss): 1:20.75
	Average shared text size (kbytes): 0
	Average unshared data size (kbytes): 0
	Average stack size (kbytes): 0
	Average total size (kbytes): 0
	Maximum resident set size (kbytes): 7080904
	Average resident set size (kbytes): 0
	Major (requiring I/O) page faults: 0
	Minor (reclaiming a frame) page faults: 4616227
	Voluntary context switches: 1
	Involuntary context switches: 484
	Swaps: 0
	File system inputs: 3878508
	File system outputs: 10
	Socket messages sent: 0
	Socket messages received: 0
	Signals delivered: 0
	Page size (bytes): 4096
	Exit status: 0
EXIT=0
