loading target stream root-digest
training root-digest dictionary 256 KiB
training root-digest dictionary 512 KiB
training root-digest dictionary 1024 KiB
training root-digest dictionary 4096 KiB
training root-digest dictionary 16384 KiB
loading target stream superblock
training superblock dictionary 256 KiB
training superblock dictionary 512 KiB
training superblock dictionary 1024 KiB
training superblock dictionary 4096 KiB
training superblock dictionary 16384 KiB
{
  "experiment": "leave_one_project_out_pretrained_zstd_dictionaries",
  "test": "linecache/traces/ml-duckdb.bin",
  "tracks": {
    "root-digest": {
      "payload": 50426525,
      "raw_input": 1985715205,
      "rows": [
        {
          "complete_effective_GBps": 12.640252960691555,
          "decode_payload_GBps": 0.9812757994575454,
          "decode_seconds": 0.05138873803662136,
          "dictionary_bytes": 0,
          "encode_payload_GBps": 0.4770457810574367,
          "encode_seconds": 0.10570583998924121,
          "exact": true,
          "frames": 689,
          "level": 1,
          "package_track": "none",
          "payload_bytes": 50426525,
          "payload_ratio": 1.0773704648882285,
          "raw_input_ratio": 42.42511086271509,
          "wire_bytes": 46805186
        },
        {
          "complete_effective_GBps": 8.63894645301248,
          "decode_payload_GBps": 0.9611485301407023,
          "decode_seconds": 0.052464862004853785,
          "dictionary_bytes": 0,
          "encode_payload_GBps": 0.28426715818238496,
          "encode_seconds": 0.1773913149954751,
          "exact": true,
          "frames": 689,
          "level": 3,
          "package_track": "none",
          "payload_bytes": 50426525,
          "payload_ratio": 1.0927458432598463,
          "raw_input_ratio": 43.03056845899303,
          "wire_bytes": 46146618
        },
        {
          "complete_effective_GBps": 14.024483817106066,
          "decode_payload_GBps": 1.609504211529802,
          "decode_seconds": 0.03133047098526731,
          "dictionary_bytes": 262144,
          "encode_payload_GBps": 0.4573473070754731,
          "encode_seconds": 0.11025871196761727,
          "exact": true,
          "frames": 689,
          "level": 1,
          "package_track": "GENERIC_II_BUILTIN",
          "payload_bytes": 50426525,
          "payload_ratio": 2.1902237709035717,
          "raw_input_ratio": 86.2474787670905,
          "wire_bytes": 23023458,
          "wire_model_raw_input_ratio": 85.27652430888409,
          "wire_model_total": 23285602
        },
        {
          "complete_effective_GBps": 5.266180596747166,
          "decode_payload_GBps": 1.4458821873716654,
          "decode_seconds": 0.03487595700426027,
          "dictionary_bytes": 262144,
          "encode_payload_GBps": 0.1473626567297154,
          "encode_seconds": 0.3421933759818785,
          "exact": true,
          "frames": 689,
          "level": 3,
          "package_track": "GENERIC_II_BUILTIN",
          "payload_bytes": 50426525,
          "payload_ratio": 2.5545696309788166,
          "raw_input_ratio": 100.59483096378096,
          "wire_bytes": 19739734,
          "wire_model_raw_input_ratio": 99.27643819245372,
          "wire_model_total": 20001878
        },
        {
          "complete_effective_GBps": 14.44253093811133,
          "decode_payload_GBps": 1.5622113523342853,
          "decode_seconds": 0.03227893903385848,
          "dictionary_bytes": 524288,
          "encode_payload_GBps": 0.47928553052673417,
          "encode_seconds": 0.10521186597179621,
          "exact": true,
          "frames": 689,
          "level": 1,
          "package_track": "GENERIC_II_BUILTIN",
          "payload_bytes": 50426525,
          "payload_ratio": 2.143490044602798,
          "raw_input_ratio": 84.40718001753847,
          "wire_bytes": 23525430,
          "wire_model_raw_input_ratio": 82.56708893634429,
          "wire_model_total": 24049718
        },
        {
          "complete_effective_GBps": 5.261769016474012,
          "decode_payload_GBps": 1.7209425465570127,
          "decode_seconds": 0.029301689995918423,
          "dictionary_bytes": 524288,
          "encode_payload_GBps": 0.14486892818448494,
          "encode_seconds": 0.348083786026109,
          "exact": true,
          "frames": 689,
          "level": 3,
          "package_track": "GENERIC_II_BUILTIN",
          "payload_bytes": 50426525,
          "payload_ratio": 2.7104496350799674,
          "raw_input_ratio": 106.73313405524162,
          "wire_bytes": 18604487,
          "wire_model_raw_input_ratio": 103.80775585472671,
          "wire_model_total": 19128775
        },
        {
          "complete_effective_GBps": 12.94980292796878,
          "decode_payload_GBps": 1.3227011135629354,
          "decode_seconds": 0.038123900012578815,
          "dictionary_bytes": 1048576,
          "encode_payload_GBps": 0.43767130682874794,
          "encode_seconds": 0.11521551496116444,
          "exact": true,
          "frames": 689,
          "level": 1,
          "package_track": "GENERIC_II_BUILTIN",
          "payload_bytes": 50426525,
          "payload_ratio": 2.0868583999417973,
          "raw_input_ratio": 82.17711721056325,
          "wire_bytes": 24163846,
          "wire_model_raw_input_ratio": 78.7593990375062,
          "wire_model_total": 25212422
        },
        {
          "complete_effective_GBps": 4.923440418586867,
          "decode_payload_GBps": 1.6957261226339373,
          "decode_seconds": 0.02973742299946025,
          "dictionary_bytes": 1048576,
          "encode_payload_GBps": 0.13498143144862765,
          "encode_seconds": 0.37358119897544384,
          "exact": true,
          "frames": 689,
          "level": 3,
          "package_track": "GENERIC_II_BUILTIN",
          "payload_bytes": 50426525,
          "payload_ratio": 2.7492541255147436,
          "raw_input_ratio": 108.26119228805882,
          "wire_bytes": 18341893,
          "wire_model_raw_input_ratio": 102.40676514838295,
          "wire_model_total": 19390469
        },
        {
          "complete_effective_GBps": 13.319380669072766,
          "decode_payload_GBps": 1.4849005565062015,
          "decode_seconds": 0.03395953000290319,
          "dictionary_bytes": 3739886,
          "encode_payload_GBps": 0.43801496154794073,
          "encode_seconds": 0.11512511997716501,
          "exact": true,
          "frames": 689,
          "level": 1,
          "package_track": "GENERIC_II_BUILTIN",
          "payload_bytes": 50426525,
          "payload_ratio": 1.9463829308942442,
          "raw_input_ratio": 76.64541985848052,
          "wire_bytes": 25907813,
          "wire_model_raw_input_ratio": 66.97704280524435,
          "wire_model_total": 29647699
        },
        {
          "complete_effective_GBps": 4.932751685629198,
          "decode_payload_GBps": 1.5676999905071782,
          "decode_seconds": 0.03216592798708007,
          "dictionary_bytes": 3739886,
          "encode_payload_GBps": 0.13614389717488246,
          "encode_seconds": 0.3703913729987107,
          "exact": true,
          "frames": 689,
          "level": 3,
          "package_track": "GENERIC_II_BUILTIN",
          "payload_bytes": 50426525,
          "payload_ratio": 2.4526307602978923,
          "raw_input_ratio": 96.58064268704288,
          "wire_bytes": 20560178,
          "wire_model_raw_input_ratio": 81.7164598825748,
          "wire_model_total": 24300064
        },
        {
          "complete_effective_GBps": 12.286397359284956,
          "decode_payload_GBps": 1.2927640406549683,
          "decode_seconds": 0.03900675097247586,
          "dictionary_bytes": 1063123,
          "encode_payload_GBps": 0.4112682628960062,
          "encode_seconds": 0.12261224497342482,
          "exact": true,
          "frames": 689,
          "level": 1,
          "package_track": "GENERIC_II_BUILTIN",
          "payload_bytes": 50426525,
          "payload_ratio": 1.8054995015289264,
          "raw_input_ratio": 71.09765768721739,
          "wire_bytes": 27929404,
          "wire_model_raw_input_ratio": 68.49058741930291,
          "wire_model_total": 28992527
        },
        {
          "complete_effective_GBps": 4.590762578706254,
          "decode_payload_GBps": 0.9733037944797657,
          "decode_seconds": 0.051809645956382155,
          "dictionary_bytes": 1063123,
          "encode_payload_GBps": 0.13244479315558616,
          "encode_seconds": 0.38073618296766654,
          "exact": true,
          "frames": 689,
          "level": 3,
          "package_track": "GENERIC_II_BUILTIN",
          "payload_bytes": 50426525,
          "payload_ratio": 2.4304636109509596,
          "raw_input_ratio": 95.70773610643455,
          "wire_bytes": 20747698,
          "wire_model_raw_input_ratio": 91.04266203459282,
          "wire_model_total": 21810821
        }
      ],
      "sample_stats": {
        "bytes": 204405504,
        "samples": 3366,
        "seen": 3366
      }
    },
    "superblock": {
      "payload": 33372645,
      "raw_input": 1985715205,
      "rows": [
        {
          "complete_effective_GBps": 16.79872224975542,
          "decode_payload_GBps": 0.8823335095161566,
          "decode_seconds": 0.03782316396245733,
          "dictionary_bytes": 0,
          "encode_payload_GBps": 0.4151696074826716,
          "encode_seconds": 0.08038316003512591,
          "exact": true,
          "frames": 689,
          "level": 1,
          "package_track": "none",
          "payload_bytes": 33372645,
          "payload_ratio": 1.081538142295481,
          "raw_input_ratio": 64.35290741694554,
          "wire_bytes": 30856651
        },
        {
          "complete_effective_GBps": 10.996820896329883,
          "decode_payload_GBps": 0.7573603603962401,
          "decode_seconds": 0.044064419984351844,
          "dictionary_bytes": 0,
          "encode_payload_GBps": 0.24447511166372518,
          "encode_seconds": 0.13650733104441315,
          "exact": true,
          "frames": 689,
          "level": 3,
          "package_track": "none",
          "payload_bytes": 33372645,
          "payload_ratio": 1.0996407784338817,
          "raw_input_ratio": 65.43003749850199,
          "wire_bytes": 30348679
        },
        {
          "complete_effective_GBps": 18.90938007239556,
          "decode_payload_GBps": 1.2245649088844142,
          "decode_seconds": 0.027252655010670424,
          "dictionary_bytes": 262144,
          "encode_payload_GBps": 0.42917758862888994,
          "encode_seconds": 0.0777595239924267,
          "exact": true,
          "frames": 689,
          "level": 1,
          "package_track": "GENERIC_II_BUILTIN",
          "payload_bytes": 33372645,
          "payload_ratio": 1.943361019034752,
          "raw_input_ratio": 115.63247457016372,
          "wire_bytes": 17172643,
          "wire_model_raw_input_ratio": 113.89386087710736,
          "wire_model_total": 17434787
        },
        {
          "complete_effective_GBps": 6.436713565175521,
          "decode_payload_GBps": 1.135987138673076,
          "decode_seconds": 0.029377660946920514,
          "dictionary_bytes": 262144,
          "encode_payload_GBps": 0.1195635151881951,
          "encode_seconds": 0.2791206410038285,
          "exact": true,
          "frames": 689,
          "level": 3,
          "package_track": "GENERIC_II_BUILTIN",
          "payload_bytes": 33372645,
          "payload_ratio": 2.1444574409699246,
          "raw_input_ratio": 127.59796974466272,
          "wire_bytes": 15562279,
          "wire_model_raw_input_ratio": 125.48420912408623,
          "wire_model_total": 15824423
        },
        {
          "complete_effective_GBps": 17.7372177111864,
          "decode_payload_GBps": 1.1489371761475997,
          "decode_seconds": 0.029046535957604647,
          "dictionary_bytes": 524288,
          "encode_payload_GBps": 0.4025390371888649,
          "encode_seconds": 0.0829053630004637,
          "exact": true,
          "frames": 689,
          "level": 1,
          "package_track": "GENERIC_II_BUILTIN",
          "payload_bytes": 33372645,
          "payload_ratio": 1.744584297518328,
          "raw_input_ratio": 103.80500454747857,
          "wire_bytes": 19129282,
          "wire_model_raw_input_ratio": 101.03585277382176,
          "wire_model_total": 19653570
        },
        {
          "complete_effective_GBps": 7.015427158859652,
          "decode_payload_GBps": 1.2428132870030897,
          "decode_seconds": 0.026852500974200666,
          "dictionary_bytes": 524288,
          "encode_payload_GBps": 0.13026150564815867,
          "encode_seconds": 0.2561972920084372,
          "exact": true,
          "frames": 689,
          "level": 3,
          "package_track": "GENERIC_II_BUILTIN",
          "payload_bytes": 33372645,
          "payload_ratio": 2.265456749327901,
          "raw_input_ratio": 134.79758387176943,
          "wire_bytes": 14731089,
          "wire_model_raw_input_ratio": 130.1649382378423,
          "wire_model_total": 15255377
        },
        {
          "complete_effective_GBps": 17.677435984674524,
          "decode_payload_GBps": 1.165602054319174,
          "decode_seconds": 0.028631251014303416,
          "dictionary_bytes": 1048576,
          "encode_payload_GBps": 0.39872096593021494,
          "encode_seconds": 0.08369924797443673,
          "exact": true,
          "frames": 689,
          "level": 1,
          "package_track": "GENERIC_II_BUILTIN",
          "payload_bytes": 33372645,
          "payload_ratio": 1.7703188326518737,
          "raw_input_ratio": 105.3362424133501,
          "wire_bytes": 18851206,
          "wire_model_raw_input_ratio": 99.78577679896192,
          "wire_model_total": 19899782
        },
        {
          "complete_effective_GBps": 6.365041442611997,
          "decode_payload_GBps": 0.8994350910460238,
          "decode_seconds": 0.037104005983565,
          "dictionary_bytes": 1048576,
          "encode_payload_GBps": 0.12141331935337703,
          "encode_seconds": 0.27486807195236906,
          "exact": true,
          "frames": 689,
          "level": 3,
          "package_track": "GENERIC_II_BUILTIN",
          "payload_bytes": 33372645,
          "payload_ratio": 2.2752254404721186,
          "raw_input_ratio": 135.37883353112431,
          "wire_bytes": 14667841,
          "wire_model_raw_input_ratio": 126.34655882444453,
          "wire_model_total": 15716417
        },
        {
          "complete_effective_GBps": 12.50576879909074,
          "decode_payload_GBps": 0.8561701687207004,
          "decode_seconds": 0.038978985976427794,
          "dictionary_bytes": 153157,
          "encode_payload_GBps": 0.27855814570101023,
          "encode_seconds": 0.11980495101306587,
          "exact": true,
          "frames": 689,
          "level": 1,
          "package_track": "GENERIC_II_BUILTIN",
          "payload_bytes": 33372645,
          "payload_ratio": 1.470901401573753,
          "raw_input_ratio": 87.52052101836136,
          "wire_bytes": 22688567,
          "wire_model_raw_input_ratio": 86.93368350830261,
          "wire_model_total": 22841724
        },
        {
          "complete_effective_GBps": 5.300907782307203,
          "decode_payload_GBps": 1.0114145001977652,
          "decode_seconds": 0.032996012014336884,
          "dictionary_bytes": 153157,
          "encode_payload_GBps": 0.09769421775651531,
          "encode_seconds": 0.34160307300044224,
          "exact": true,
          "frames": 689,
          "level": 3,
          "package_track": "GENERIC_II_BUILTIN",
          "payload_bytes": 33372645,
          "payload_ratio": 1.6298508455481469,
          "raw_input_ratio": 96.97821691649139,
          "wire_bytes": 20475889,
          "wire_model_raw_input_ratio": 96.25821790304796,
          "wire_model_total": 20629046
        },
        {
          "complete_effective_GBps": 16.005406359200006,
          "decode_payload_GBps": 1.0871101691230933,
          "decode_seconds": 0.030698493996169418,
          "dictionary_bytes": 1089646,
          "encode_payload_GBps": 0.3574359447951428,
          "encode_seconds": 0.09336678497493267,
          "exact": true,
          "frames": 689,
          "level": 1,
          "package_track": "GENERIC_II_BUILTIN",
          "payload_bytes": 33372645,
          "payload_ratio": 1.5972603484527546,
          "raw_input_ratio": 95.03904051555497,
          "wire_bytes": 20893679,
          "wire_model_raw_input_ratio": 90.32824675066215,
          "wire_model_total": 21983325
        },
        {
          "complete_effective_GBps": 6.446513594175909,
          "decode_payload_GBps": 1.2263490851797898,
          "decode_seconds": 0.0272130059893243,
          "dictionary_bytes": 1089646,
          "encode_payload_GBps": 0.11884154595146951,
          "encode_seconds": 0.28081631497479975,
          "exact": true,
          "frames": 689,
          "level": 3,
          "package_track": "GENERIC_II_BUILTIN",
          "payload_bytes": 33372645,
          "payload_ratio": 2.084116896889104,
          "raw_input_ratio": 124.00762993613816,
          "wire_bytes": 16012847,
          "wire_model_raw_input_ratio": 116.10676905407884,
          "wire_model_total": 17102493
        }
      ],
      "sample_stats": {
        "bytes": 99512927,
        "samples": 3366,
        "seen": 3366
      }
    }
  },
  "train": [
    "linecache/traces/ml-llvm.bin",
    "linecache/traces/ml-rocksdb.bin",
    "linecache/traces/ml-opencv.bin"
  ],
  "wall_seconds": 236.37080549396342
}
