loading target stream definition
training definition dictionary 32 KiB
training definition dictionary 64 KiB
training definition dictionary 128 KiB
training definition dictionary 256 KiB
loading target stream root-digest
training root-digest dictionary 32 KiB
training root-digest dictionary 64 KiB
training root-digest dictionary 128 KiB
training root-digest dictionary 256 KiB
loading target stream superblock
training superblock dictionary 32 KiB
training superblock dictionary 64 KiB
training superblock dictionary 128 KiB
training superblock dictionary 256 KiB
{
  "experiment": "leave_one_project_out_pretrained_zstd_dictionaries",
  "test": "linecache/traces/ml-opencv.bin",
  "tracks": {
    "definition": {
      "payload": 56520342,
      "raw_input": 4630994774,
      "rows": [
        {
          "complete_effective_GBps": 21.244782982041613,
          "decode_payload_GBps": 1.0028182351039008,
          "decode_seconds": 0.05636150203645229,
          "dictionary_bytes": 0,
          "encode_payload_GBps": 0.3497087572011929,
          "encode_seconds": 0.16162118001375347,
          "exact": true,
          "frames": 1506,
          "level": 1,
          "package_track": "none",
          "payload_bytes": 56520342,
          "payload_ratio": 5.418246092142412,
          "raw_input_ratio": 443.9440464984701,
          "wire_bytes": 10431483
        },
        {
          "complete_effective_GBps": 19.570939743441414,
          "decode_payload_GBps": 0.9854321679057009,
          "decode_seconds": 0.05735589301912114,
          "dictionary_bytes": 0,
          "encode_payload_GBps": 0.31528020704457266,
          "encode_seconds": 0.17927018803311512,
          "exact": true,
          "frames": 1506,
          "level": 3,
          "package_track": "none",
          "payload_bytes": 56520342,
          "payload_ratio": 5.687014457224945,
          "raw_input_ratio": 465.96558511749924,
          "wire_bytes": 9938491
        },
        {
          "complete_effective_GBps": 20.6153654560387,
          "decode_payload_GBps": 1.0089263925119367,
          "decode_seconds": 0.05602028296561912,
          "dictionary_bytes": 32768,
          "encode_payload_GBps": 0.33519809172455545,
          "encode_seconds": 0.1686177320079878,
          "exact": true,
          "frames": 1506,
          "level": 1,
          "package_track": "GENERIC_II_BUILTIN",
          "payload_bytes": 56520342,
          "payload_ratio": 5.4738383199485625,
          "raw_input_ratio": 448.4989962269289,
          "wire_bytes": 10325541,
          "wire_model_raw_input_ratio": 447.0801917571681,
          "wire_model_total": 10358309
        },
        {
          "complete_effective_GBps": 16.11952930398464,
          "decode_payload_GBps": 0.9879785314009872,
          "decode_seconds": 0.05720806698082015,
          "dictionary_bytes": 32768,
          "encode_payload_GBps": 0.2456521014726288,
          "encode_seconds": 0.23008287599077448,
          "exact": true,
          "frames": 1506,
          "level": 3,
          "package_track": "GENERIC_II_BUILTIN",
          "payload_bytes": 56520342,
          "payload_ratio": 5.759628084355418,
          "raw_input_ratio": 471.91518336590343,
          "wire_bytes": 9813193,
          "wire_model_raw_input_ratio": 470.34461887468376,
          "wire_model_total": 9845961
        },
        {
          "complete_effective_GBps": 22.11068690061205,
          "decode_payload_GBps": 1.0051305092157818,
          "decode_seconds": 0.05623184400610626,
          "dictionary_bytes": 65536,
          "encode_payload_GBps": 0.3688976662272599,
          "encode_seconds": 0.15321414900245145,
          "exact": true,
          "frames": 1506,
          "level": 1,
          "package_track": "GENERIC_II_BUILTIN",
          "payload_bytes": 56520342,
          "payload_ratio": 5.480139221066723,
          "raw_input_ratio": 449.0152606216081,
          "wire_bytes": 10313669,
          "wire_model_raw_input_ratio": 446.18010473827235,
          "wire_model_total": 10379205
        },
        {
          "complete_effective_GBps": 15.948250843451692,
          "decode_payload_GBps": 0.9664216995249101,
          "decode_seconds": 0.05848414002684876,
          "dictionary_bytes": 65536,
          "encode_payload_GBps": 0.24373541248087977,
          "encode_seconds": 0.23189220402855426,
          "exact": true,
          "frames": 1506,
          "level": 3,
          "package_track": "GENERIC_II_BUILTIN",
          "payload_bytes": 56520342,
          "payload_ratio": 5.788665222991308,
          "raw_input_ratio": 474.29434160374143,
          "wire_bytes": 9763968,
          "wire_model_raw_input_ratio": 471.13209110042584,
          "wire_model_total": 9829504
        },
        {
          "complete_effective_GBps": 14.403818315321212,
          "decode_payload_GBps": 0.9707050972786316,
          "decode_seconds": 0.05822606902802363,
          "dictionary_bytes": 131072,
          "encode_payload_GBps": 0.2146731735735853,
          "encode_seconds": 0.2632855380070396,
          "exact": true,
          "frames": 1506,
          "level": 1,
          "package_track": "GENERIC_II_BUILTIN",
          "payload_bytes": 56520342,
          "payload_ratio": 5.520142538359485,
          "raw_input_ratio": 452.29293281484155,
          "wire_bytes": 10238928,
          "wire_model_raw_input_ratio": 446.5761594985535,
          "wire_model_total": 10370000
        },
        {
          "complete_effective_GBps": 11.772112923719847,
          "decode_payload_GBps": 0.5280802991951434,
          "decode_seconds": 0.10702982498332858,
          "dictionary_bytes": 131072,
          "encode_payload_GBps": 0.19737715907813141,
          "encode_seconds": 0.2863570550107397,
          "exact": true,
          "frames": 1506,
          "level": 3,
          "package_track": "GENERIC_II_BUILTIN",
          "payload_bytes": 56520342,
          "payload_ratio": 5.881405485074619,
          "raw_input_ratio": 481.89301588365294,
          "wire_bytes": 9610006,
          "wire_model_raw_input_ratio": 475.4088586499359,
          "wire_model_total": 9741078
        },
        {
          "complete_effective_GBps": 21.37975527912081,
          "decode_payload_GBps": 1.035294993194178,
          "decode_seconds": 0.05459346598945558,
          "dictionary_bytes": 262144,
          "encode_payload_GBps": 0.348862849790153,
          "encode_seconds": 0.1620130719966255,
          "exact": true,
          "frames": 1506,
          "level": 1,
          "package_track": "GENERIC_II_BUILTIN",
          "payload_bytes": 56520342,
          "payload_ratio": 5.39619518985384,
          "raw_input_ratio": 442.13730560400836,
          "wire_bytes": 10474110,
          "wire_model_raw_input_ratio": 431.34176724954534,
          "wire_model_total": 10736254
        },
        {
          "complete_effective_GBps": 13.627331457508047,
          "decode_payload_GBps": 0.9141096328660572,
          "decode_seconds": 0.0618310320423916,
          "dictionary_bytes": 262144,
          "encode_payload_GBps": 0.2033103326040595,
          "encode_seconds": 0.27800034201936796,
          "exact": true,
          "frames": 1506,
          "level": 3,
          "package_track": "GENERIC_II_BUILTIN",
          "payload_bytes": 56520342,
          "payload_ratio": 5.8149696495812675,
          "raw_input_ratio": 476.44959505339614,
          "wire_bytes": 9719800,
          "wire_model_raw_input_ratio": 463.93716234032166,
          "wire_model_total": 9981944
        }
      ],
      "sample_stats": {
        "bytes": 14389059,
        "samples": 200000,
        "seen": 1996278
      }
    },
    "root-digest": {
      "payload": 122633478,
      "raw_input": 4630994774,
      "rows": [
        {
          "complete_effective_GBps": 11.91061382027759,
          "decode_payload_GBps": 0.9999893996312208,
          "decode_seconds": 0.12263477797387168,
          "dictionary_bytes": 0,
          "encode_payload_GBps": 0.4607204034270623,
          "encode_seconds": 0.2661776580498554,
          "exact": true,
          "frames": 1506,
          "level": 1,
          "package_track": "none",
          "payload_bytes": 122633478,
          "payload_ratio": 1.0876790531878244,
          "raw_input_ratio": 41.07390651598483,
          "wire_bytes": 112747853
        },
        {
          "complete_effective_GBps": 8.846348616970214,
          "decode_payload_GBps": 0.9981548697567317,
          "decode_seconds": 0.12286017101723701,
          "dictionary_bytes": 0,
          "encode_payload_GBps": 0.3061000110549008,
          "encode_seconds": 0.4006320600165054,
          "exact": true,
          "frames": 1506,
          "level": 3,
          "package_track": "none",
          "payload_bytes": 122633478,
          "payload_ratio": 1.1006513871004822,
          "raw_input_ratio": 41.56377935932131,
          "wire_bytes": 111419001
        },
        {
          "complete_effective_GBps": 13.062519259688553,
          "decode_payload_GBps": 1.25688231131611,
          "decode_seconds": 0.09756957902573049,
          "dictionary_bytes": 32768,
          "encode_payload_GBps": 0.4772551206657699,
          "encode_seconds": 0.25695581396576017,
          "exact": true,
          "frames": 1506,
          "level": 1,
          "package_track": "GENERIC_II_BUILTIN",
          "payload_bytes": 122633478,
          "payload_ratio": 1.4563548598755713,
          "raw_input_ratio": 54.99617115298053,
          "wire_bytes": 84205767,
          "wire_model_raw_input_ratio": 54.97477815823839,
          "wire_model_total": 84238535
        },
        {
          "complete_effective_GBps": 4.558135117546267,
          "decode_payload_GBps": 1.2481405065863673,
          "decode_seconds": 0.09825294296024367,
          "dictionary_bytes": 32768,
          "encode_payload_GBps": 0.1336267373491769,
          "encode_seconds": 0.9177315889974125,
          "exact": true,
          "frames": 1506,
          "level": 3,
          "package_track": "GENERIC_II_BUILTIN",
          "payload_bytes": 122633478,
          "payload_ratio": 1.495225941033195,
          "raw_input_ratio": 56.464055589077866,
          "wire_bytes": 82016687,
          "wire_model_raw_input_ratio": 56.44150560171302,
          "wire_model_total": 82049455
        },
        {
          "complete_effective_GBps": 13.811902570630295,
          "decode_payload_GBps": 1.4558405787700195,
          "decode_seconds": 0.08423551300074905,
          "dictionary_bytes": 65536,
          "encode_payload_GBps": 0.4884732796833864,
          "encode_seconds": 0.25105462898500264,
          "exact": true,
          "frames": 1506,
          "level": 1,
          "package_track": "GENERIC_II_BUILTIN",
          "payload_bytes": 122633478,
          "payload_ratio": 1.7934973401110585,
          "raw_input_ratio": 67.72764619166402,
          "wire_bytes": 68376727,
          "wire_model_raw_input_ratio": 67.66279446370731,
          "wire_model_total": 68442263
        },
        {
          "complete_effective_GBps": 5.526033704272155,
          "decode_payload_GBps": 1.4727877008970849,
          "decode_seconds": 0.08326622901950032,
          "dictionary_bytes": 65536,
          "encode_payload_GBps": 0.1624787885549961,
          "encode_seconds": 0.7547660780255683,
          "exact": true,
          "frames": 1506,
          "level": 3,
          "package_track": "GENERIC_II_BUILTIN",
          "payload_bytes": 122633478,
          "payload_ratio": 1.878037949961716,
          "raw_input_ratio": 70.9201441032797,
          "wire_bytes": 65298722,
          "wire_model_raw_input_ratio": 70.84903761930565,
          "wire_model_total": 65364258
        },
        {
          "complete_effective_GBps": 13.232601357870724,
          "decode_payload_GBps": 1.5779311094095634,
          "decode_seconds": 0.077717891021166,
          "dictionary_bytes": 131072,
          "encode_payload_GBps": 0.4504432153194889,
          "encode_seconds": 0.2722506940481253,
          "exact": true,
          "frames": 1506,
          "level": 1,
          "package_track": "GENERIC_II_BUILTIN",
          "payload_bytes": 122633478,
          "payload_ratio": 2.0261508968235007,
          "raw_input_ratio": 76.51331730577718,
          "wire_bytes": 60525343,
          "wire_model_raw_input_ratio": 76.34798024248548,
          "wire_model_total": 60656415
        },
        {
          "complete_effective_GBps": 4.462488886382453,
          "decode_payload_GBps": 1.9186357846925066,
          "decode_seconds": 0.06391701800748706,
          "dictionary_bytes": 131072,
          "encode_payload_GBps": 0.12592729542511408,
          "encode_seconds": 0.9738434990285896,
          "exact": true,
          "frames": 1506,
          "level": 3,
          "package_track": "GENERIC_II_BUILTIN",
          "payload_bytes": 122633478,
          "payload_ratio": 2.0847426310059025,
          "raw_input_ratio": 78.7259106304018,
          "wire_bytes": 58824277,
          "wire_model_raw_input_ratio": 78.55088389011148,
          "wire_model_total": 58955349
        },
        {
          "complete_effective_GBps": 12.881396183283467,
          "decode_payload_GBps": 1.534918377775944,
          "decode_seconds": 0.07989576499676332,
          "dictionary_bytes": 262144,
          "encode_payload_GBps": 0.43858046323598976,
          "encode_seconds": 0.2796145480242558,
          "exact": true,
          "frames": 1506,
          "level": 1,
          "package_track": "GENERIC_II_BUILTIN",
          "payload_bytes": 122633478,
          "payload_ratio": 1.9574957566580782,
          "raw_input_ratio": 73.92070066879076,
          "wire_bytes": 62648145,
          "wire_model_raw_input_ratio": 73.61267683891899,
          "wire_model_total": 62910289
        },
        {
          "complete_effective_GBps": 4.291231801605244,
          "decode_payload_GBps": 1.6645760811523445,
          "decode_seconds": 0.07367249799426645,
          "dictionary_bytes": 262144,
          "encode_payload_GBps": 0.12196224706717308,
          "encode_seconds": 1.0055035959812813,
          "exact": true,
          "frames": 1506,
          "level": 3,
          "package_track": "GENERIC_II_BUILTIN",
          "payload_bytes": 122633478,
          "payload_ratio": 2.2530620096254443,
          "raw_input_ratio": 85.08213713121118,
          "wire_bytes": 54429695,
          "wire_model_raw_input_ratio": 84.67432908957404,
          "wire_model_total": 54691839
        }
      ],
      "sample_stats": {
        "bytes": 145657256,
        "samples": 2549,
        "seen": 2549
      }
    },
    "superblock": {
      "payload": 27615477,
      "raw_input": 4630994774,
      "rows": [
        {
          "complete_effective_GBps": 42.01858654585077,
          "decode_payload_GBps": 0.8575237760923785,
          "decode_seconds": 0.0322037449805066,
          "dictionary_bytes": 0,
          "encode_payload_GBps": 0.3540025412057342,
          "encode_seconds": 0.07800926204072312,
          "exact": true,
          "frames": 1506,
          "level": 1,
          "package_track": "none",
          "payload_bytes": 27615477,
          "payload_ratio": 1.0886308807965637,
          "raw_input_ratio": 182.55863984474732,
          "wire_bytes": 25367163
        },
        {
          "complete_effective_GBps": 30.030532818252897,
          "decode_payload_GBps": 0.8182107051231611,
          "decode_seconds": 0.03375105804298073,
          "dictionary_bytes": 0,
          "encode_payload_GBps": 0.2292530639512717,
          "encode_seconds": 0.12045848602429032,
          "exact": true,
          "frames": 1506,
          "level": 3,
          "package_track": "none",
          "payload_bytes": 27615477,
          "payload_ratio": 1.104564823775856,
          "raw_input_ratio": 185.23069242838793,
          "wire_bytes": 25001228
        },
        {
          "complete_effective_GBps": 46.55182918484986,
          "decode_payload_GBps": 1.0286706006695336,
          "decode_seconds": 0.02684579201741144,
          "dictionary_bytes": 32768,
          "encode_payload_GBps": 0.3801972124342601,
          "encode_seconds": 0.07263461197726429,
          "exact": true,
          "frames": 1506,
          "level": 1,
          "package_track": "GENERIC_II_BUILTIN",
          "payload_bytes": 27615477,
          "payload_ratio": 1.4432106044541366,
          "raw_input_ratio": 242.02010948456504,
          "wire_bytes": 19134752,
          "wire_model_raw_input_ratio": 241.60636190806113,
          "wire_model_total": 19167520
        },
        {
          "complete_effective_GBps": 17.900237169061686,
          "decode_payload_GBps": 1.0016692739239617,
          "decode_seconds": 0.02756945602595806,
          "dictionary_bytes": 32768,
          "encode_payload_GBps": 0.11947412410666684,
          "encode_seconds": 0.2311419079778716,
          "exact": true,
          "frames": 1506,
          "level": 3,
          "package_track": "GENERIC_II_BUILTIN",
          "payload_bytes": 27615477,
          "payload_ratio": 1.4885998347286526,
          "raw_input_ratio": 249.63168498612765,
          "wire_bytes": 18551310,
          "wire_model_raw_input_ratio": 249.19152696195098,
          "wire_model_total": 18584078
        },
        {
          "complete_effective_GBps": 52.04962367636123,
          "decode_payload_GBps": 1.175457658637653,
          "decode_seconds": 0.023493383021559566,
          "dictionary_bytes": 65536,
          "encode_payload_GBps": 0.4217436067150257,
          "encode_seconds": 0.06547930202214047,
          "exact": true,
          "frames": 1506,
          "level": 1,
          "package_track": "GENERIC_II_BUILTIN",
          "payload_bytes": 27615477,
          "payload_ratio": 1.6980274383950729,
          "raw_input_ratio": 284.7517786245803,
          "wire_bytes": 16263269,
          "wire_model_raw_input_ratio": 283.60892141219153,
          "wire_model_total": 16328805
        },
        {
          "complete_effective_GBps": 21.423861281027932,
          "decode_payload_GBps": 1.1450464085967937,
          "decode_seconds": 0.024117343011312187,
          "dictionary_bytes": 65536,
          "encode_payload_GBps": 0.14379820981769736,
          "encode_seconds": 0.1920432600309141,
          "exact": true,
          "frames": 1506,
          "level": 3,
          "package_track": "GENERIC_II_BUILTIN",
          "payload_bytes": 27615477,
          "payload_ratio": 1.793960314502478,
          "raw_input_ratio": 300.83930258471986,
          "wire_bytes": 15393583,
          "wire_model_raw_input_ratio": 299.5639514774419,
          "wire_model_total": 15459119
        },
        {
          "complete_effective_GBps": 51.29632498010151,
          "decode_payload_GBps": 1.2339807351690444,
          "decode_seconds": 0.02237918000901118,
          "dictionary_bytes": 131072,
          "encode_payload_GBps": 0.4067075168064589,
          "encode_seconds": 0.06790009001269937,
          "exact": true,
          "frames": 1506,
          "level": 1,
          "package_track": "GENERIC_II_BUILTIN",
          "payload_bytes": 27615477,
          "payload_ratio": 2.000262713291576,
          "raw_input_ratio": 335.4353130268345,
          "wire_bytes": 13805925,
          "wire_model_raw_input_ratio": 332.280675241589,
          "wire_model_total": 13936997
        },
        {
          "complete_effective_GBps": 18.71011140680111,
          "decode_payload_GBps": 1.3800418104853258,
          "decode_seconds": 0.02001060894690454,
          "dictionary_bytes": 131072,
          "encode_payload_GBps": 0.12138546570254088,
          "encode_seconds": 0.22750233596889302,
          "exact": true,
          "frames": 1506,
          "level": 3,
          "package_track": "GENERIC_II_BUILTIN",
          "payload_bytes": 27615477,
          "payload_ratio": 2.0578954267370957,
          "raw_input_ratio": 345.1000671347444,
          "wire_bytes": 13419281,
          "wire_model_raw_input_ratio": 341.76192856377986,
          "wire_model_total": 13550353
        },
        {
          "complete_effective_GBps": 57.3017357542099,
          "decode_payload_GBps": 1.2849515450181253,
          "decode_seconds": 0.021491453982889652,
          "dictionary_bytes": 262144,
          "encode_payload_GBps": 0.46548495049311106,
          "encode_seconds": 0.05932625097921118,
          "exact": true,
          "frames": 1506,
          "level": 1,
          "package_track": "GENERIC_II_BUILTIN",
          "payload_bytes": 27615477,
          "payload_ratio": 1.9463466720795526,
          "raw_input_ratio": 326.39382860533965,
          "wire_bytes": 14188365,
          "wire_model_raw_input_ratio": 320.47277877893436,
          "wire_model_total": 14450509
        },
        {
          "complete_effective_GBps": 20.08451010398218,
          "decode_payload_GBps": 1.2599450559694618,
          "decode_seconds": 0.02191800100263208,
          "dictionary_bytes": 262144,
          "encode_payload_GBps": 0.1323483936331619,
          "encode_seconds": 0.20865743997273967,
          "exact": true,
          "frames": 1506,
          "level": 3,
          "package_track": "GENERIC_II_BUILTIN",
          "payload_bytes": 27615477,
          "payload_ratio": 2.1794554651772597,
          "raw_input_ratio": 365.48515419094986,
          "wire_bytes": 12670815,
          "wire_model_raw_input_ratio": 358.0769701659149,
          "wire_model_total": 12932959
        }
      ],
      "sample_stats": {
        "bytes": 100754438,
        "samples": 2549,
        "seen": 2549
      }
    }
  },
  "train": [
    "linecache/traces/ml-llvm.bin",
    "linecache/traces/ml-rocksdb.bin",
    "linecache/traces/ml-duckdb.bin"
  ],
  "wall_seconds": 289.0249878569739
}
