{"row": {"name": "dynamic-only", "budget": 0, "static_assets": 0, "static_definition_bytes": 0, "prediction_bytes": 1, "payload_bytes": 33597241, "wire_bytes": 31028369, "raw_bytes": 1985715205, "tus": 689, "blocks": 237923, "encode_seconds": 0.4449882176704705, "decode_seconds": 1.6753029965911992, "exact": true, "model_bytes": 1, "wire_plus_model": 31028370, "raw_input_ratio": 63.99676389693574, "raw_input_ratio_charged": 63.996761834411544, "encode_effective_GBps": 4.462399511149512, "decode_effective_GBps": 1.1852872041895752}}
{"row": {"name": "static-0", "budget": 0, "static_assets": 0, "static_definition_bytes": 0, "prediction_bytes": 1, "payload_bytes": 33597241, "wire_bytes": 31028369, "raw_bytes": 1985715205, "tus": 689, "blocks": 237923, "encode_seconds": 0.4470814937958494, "decode_seconds": 1.6224967858870514, "exact": true, "model_bytes": 1, "wire_plus_model": 31028370, "raw_input_ratio": 63.99676389693574, "raw_input_ratio_charged": 63.996761834411544, "encode_effective_GBps": 4.44150615168772, "decode_effective_GBps": 1.2238638758932086}}
{"row": {"name": "static-ngram-0", "budget": 0, "static_assets": 0, "static_definition_bytes": 0, "prediction_bytes": 1, "payload_bytes": 33597241, "wire_bytes": 31028369, "raw_bytes": 1985715205, "tus": 689, "blocks": 237923, "encode_seconds": 0.4371433853521012, "decode_seconds": 1.597178533731494, "exact": true, "model_bytes": 1, "wire_plus_model": 31028370, "raw_input_ratio": 63.99676389693574, "raw_input_ratio_charged": 63.996761834411544, "encode_effective_GBps": 4.542480274293954, "decode_effective_GBps": 1.2432643959725442}}
{"row": {"name": "static-262144", "budget": 262144, "static_assets": 65, "static_definition_bytes": 262132, "prediction_bytes": 1, "payload_bytes": 33595524, "wire_bytes": 31031123, "raw_bytes": 1985715205, "tus": 689, "blocks": 237923, "encode_seconds": 0.4363297668751329, "decode_seconds": 1.6179898462141864, "exact": true, "model_bytes": 262133, "wire_plus_model": 31293256, "raw_input_ratio": 63.99108420923084, "raw_input_ratio_charged": 63.45505258385385, "encode_effective_GBps": 4.550950578552354, "decode_effective_GBps": 1.2272729706222982}}
{"row": {"name": "static-ngram-262144", "budget": 262144, "static_assets": 65, "static_definition_bytes": 262132, "prediction_bytes": 88, "payload_bytes": 33595524, "wire_bytes": 31030939, "raw_bytes": 1985715205, "tus": 689, "blocks": 237923, "encode_seconds": 0.43058338295668364, "decode_seconds": 1.6099788665305823, "exact": true, "model_bytes": 262220, "wire_plus_model": 31293159, "raw_input_ratio": 63.99146364858633, "raw_input_ratio_charged": 63.455249276686956, "encode_effective_GBps": 4.611685642313237, "decode_effective_GBps": 1.2333796711748826}}
{"row": {"name": "static-1048576", "budget": 1048576, "static_assets": 149, "static_definition_bytes": 1048571, "prediction_bytes": 1, "payload_bytes": 33591585, "wire_bytes": 31021870, "raw_bytes": 1985715205, "tus": 689, "blocks": 237923, "encode_seconds": 0.4392511493060738, "decode_seconds": 1.626093622238841, "exact": true, "model_bytes": 1048572, "wire_plus_model": 32070442, "raw_input_ratio": 64.01017105029452, "raw_input_ratio_charged": 61.917300827971125, "encode_effective_GBps": 4.5206830036461385, "decode_effective_GBps": 1.2211567512736592}}
{"row": {"name": "static-ngram-1048576", "budget": 1048576, "static_assets": 149, "static_definition_bytes": 1048571, "prediction_bytes": 124, "payload_bytes": 33591582, "wire_bytes": 31021704, "raw_bytes": 1985715205, "tus": 689, "blocks": 237923, "encode_seconds": 0.43565167573979124, "decode_seconds": 1.7475760989473201, "exact": true, "model_bytes": 1048695, "wire_plus_model": 32070399, "raw_input_ratio": 64.01051357462504, "raw_input_ratio_charged": 61.91738384670549, "encode_effective_GBps": 4.5580341258369, "decode_effective_GBps": 1.136268232436989}}
{"row": {"name": "static-4194304", "budget": 4194304, "static_assets": 426, "static_definition_bytes": 4194298, "prediction_bytes": 1, "payload_bytes": 33587824, "wire_bytes": 31021950, "raw_bytes": 1985715205, "tus": 689, "blocks": 237923, "encode_seconds": 0.44218387093860656, "decode_seconds": 1.6459834743873216, "exact": true, "model_bytes": 4194299, "wire_plus_model": 35216249, "raw_input_ratio": 64.010005979637, "raw_input_ratio_charged": 56.386334757003794, "encode_effective_GBps": 4.490700216597677, "decode_effective_GBps": 1.206400450490024}}
{"row": {"name": "static-ngram-4194304", "budget": 4194304, "static_assets": 426, "static_definition_bytes": 4194298, "prediction_bytes": 289, "payload_bytes": 33587811, "wire_bytes": 31021752, "raw_bytes": 1985715205, "tus": 689, "blocks": 237923, "encode_seconds": 0.48504713288275525, "decode_seconds": 1.702691336395219, "exact": true, "model_bytes": 4194587, "wire_plus_model": 35216339, "raw_input_ratio": 64.01041453106839, "raw_input_ratio_charged": 56.38619065428692, "encode_effective_GBps": 4.0938603083754, "decode_effective_GBps": 1.1662214768790526}}
{"row": {"name": "static-16777216", "budget": 16777216, "static_assets": 43010, "static_definition_bytes": 16777216, "prediction_bytes": 1, "payload_bytes": 33494029, "wire_bytes": 30939563, "raw_bytes": 1985715205, "tus": 689, "blocks": 237923, "encode_seconds": 0.4687720070942305, "decode_seconds": 1.6640146357822232, "exact": true, "model_bytes": 16777217, "wire_plus_model": 47716780, "raw_input_ratio": 64.18045416478571, "raw_input_ratio_charged": 41.61461031108973, "encode_effective_GBps": 4.235993563926355, "decode_effective_GBps": 1.1933279685767615}}
{"row": {"name": "static-ngram-16777216", "budget": 16777216, "static_assets": 43010, "static_definition_bytes": 16777216, "prediction_bytes": 42606, "payload_bytes": 33489884, "wire_bytes": 30931118, "raw_bytes": 1985715205, "tus": 689, "blocks": 237923, "encode_seconds": 0.4588504829443991, "decode_seconds": 1.6678910866030492, "exact": true, "model_bytes": 16819822, "wire_plus_model": 47750940, "raw_input_ratio": 64.19797709866161, "raw_input_ratio_charged": 41.58484010995386, "encode_effective_GBps": 4.327586607859401, "decode_effective_GBps": 1.1905544798157384}}
{"row": {"name": "static-67108864", "budget": 67108864, "static_assets": 81988, "static_definition_bytes": 67108858, "prediction_bytes": 1, "payload_bytes": 33439086, "wire_bytes": 30931313, "raw_bytes": 1985715205, "tus": 689, "blocks": 237923, "encode_seconds": 0.4600394262233749, "decode_seconds": 1.6721427862648852, "exact": true, "model_bytes": 67108859, "wire_plus_model": 98040172, "raw_input_ratio": 64.19757237592856, "raw_input_ratio_charged": 20.254097524431106, "encode_effective_GBps": 4.316402229481575, "decode_effective_GBps": 1.1875272980936937}}
{"row": {"name": "static-ngram-67108864", "budget": 67108864, "static_assets": 81988, "static_definition_bytes": 67108858, "prediction_bytes": 447871, "payload_bytes": 33432138, "wire_bytes": 30919100, "raw_bytes": 1985715205, "tus": 689, "blocks": 237923, "encode_seconds": 0.43383025703951716, "decode_seconds": 1.6023544829222374, "exact": true, "model_bytes": 67556729, "wire_plus_model": 98475829, "raw_input_ratio": 64.22293032462134, "raw_input_ratio_charged": 20.16449341086532, "encode_effective_GBps": 4.57717084684373, "decode_effective_GBps": 1.239248384900838}}
{"teacher": "gru", "metrics": {"parameters": 148395, "float_model_bytes": 593580, "history": [{"epoch": 1, "loss": 4.981394425903581, "seconds": 32.311762501019984}, {"epoch": 2, "loss": 3.5354356555760105, "seconds": 34.2894565089955}], "test_tokens": 245888, "known_test_tokens": 380, "known_fraction": 0.001545419052576783, "recall": {"1": 0.17894736842105263, "2": 0.34210526315789475, "4": 0.3763157894736842, "8": 0.4368421052631579}, "inference_seconds": 10.83105473703472, "inference_tokens_per_second": 22702.128829543537, "distilled_contexts": 448, "distilled_bytes": 6393}}
{"row": {"name": "static-gru-distilled-4194304", "budget": 4194304, "static_assets": 426, "static_definition_bytes": 4194298, "prediction_bytes": 6393, "payload_bytes": 33587814, "wire_bytes": 31021904, "raw_bytes": 1985715205, "tus": 689, "blocks": 237923, "encode_seconds": 0.4352299813181162, "decode_seconds": 1.6089619562844746, "exact": true, "model_bytes": 4200691, "wire_plus_model": 35222595, "raw_input_ratio": 64.01010089516105, "raw_input_ratio_charged": 56.37617571902354, "encode_effective_GBps": 4.562450406073038, "decode_effective_GBps": 1.2341592026113222}}
{"teacher": "tcn", "metrics": {"parameters": 177595, "float_model_bytes": 710380, "history": [{"epoch": 1, "loss": 5.586797176953155, "seconds": 5.226062820991501}, {"epoch": 2, "loss": 4.467166285351288, "seconds": 4.984151425014716}], "test_tokens": 245888, "known_test_tokens": 380, "known_fraction": 0.001545419052576783, "recall": {"1": 0.08947368421052632, "2": 0.19210526315789472, "4": 0.24473684210526317, "8": 0.33157894736842103}, "inference_seconds": 4.7916526009794325, "inference_tokens_per_second": 51315.90715690439, "distilled_contexts": 448, "distilled_bytes": 5883}}
{"row": {"name": "static-tcn-distilled-4194304", "budget": 4194304, "static_assets": 426, "static_definition_bytes": 4194298, "prediction_bytes": 5883, "payload_bytes": 33587823, "wire_bytes": 31021919, "raw_bytes": 1985715205, "tus": 689, "blocks": 237923, "encode_seconds": 0.43632910429732874, "decode_seconds": 1.5718349613016471, "exact": true, "model_bytes": 4200181, "wire_plus_model": 35222100, "raw_input_ratio": 64.01006994441575, "raw_input_ratio_charged": 56.376968011560926, "encode_effective_GBps": 4.550957489296587, "decode_effective_GBps": 1.263310241779847}}
{
  "experiment": "disjoint_project_exact_pretrained_superblocks_and_teachers",
  "levels": [
    1
  ],
  "rows": [
    {
      "blocks": 237923,
      "budget": 0,
      "decode_effective_GBps": 1.1852872041895752,
      "decode_seconds": 1.6753029965911992,
      "encode_effective_GBps": 4.462399511149512,
      "encode_seconds": 0.4449882176704705,
      "exact": true,
      "model_bytes": 1,
      "name": "dynamic-only",
      "payload_bytes": 33597241,
      "prediction_bytes": 1,
      "raw_bytes": 1985715205,
      "raw_input_ratio": 63.99676389693574,
      "raw_input_ratio_charged": 63.996761834411544,
      "static_assets": 0,
      "static_definition_bytes": 0,
      "tus": 689,
      "wire_bytes": 31028369,
      "wire_plus_model": 31028370
    },
    {
      "blocks": 237923,
      "budget": 0,
      "decode_effective_GBps": 1.2238638758932086,
      "decode_seconds": 1.6224967858870514,
      "encode_effective_GBps": 4.44150615168772,
      "encode_seconds": 0.4470814937958494,
      "exact": true,
      "model_bytes": 1,
      "name": "static-0",
      "payload_bytes": 33597241,
      "prediction_bytes": 1,
      "raw_bytes": 1985715205,
      "raw_input_ratio": 63.99676389693574,
      "raw_input_ratio_charged": 63.996761834411544,
      "static_assets": 0,
      "static_definition_bytes": 0,
      "tus": 689,
      "wire_bytes": 31028369,
      "wire_plus_model": 31028370
    },
    {
      "blocks": 237923,
      "budget": 0,
      "decode_effective_GBps": 1.2432643959725442,
      "decode_seconds": 1.597178533731494,
      "encode_effective_GBps": 4.542480274293954,
      "encode_seconds": 0.4371433853521012,
      "exact": true,
      "model_bytes": 1,
      "name": "static-ngram-0",
      "payload_bytes": 33597241,
      "prediction_bytes": 1,
      "raw_bytes": 1985715205,
      "raw_input_ratio": 63.99676389693574,
      "raw_input_ratio_charged": 63.996761834411544,
      "static_assets": 0,
      "static_definition_bytes": 0,
      "tus": 689,
      "wire_bytes": 31028369,
      "wire_plus_model": 31028370
    },
    {
      "blocks": 237923,
      "budget": 262144,
      "decode_effective_GBps": 1.2272729706222982,
      "decode_seconds": 1.6179898462141864,
      "encode_effective_GBps": 4.550950578552354,
      "encode_seconds": 0.4363297668751329,
      "exact": true,
      "model_bytes": 262133,
      "name": "static-262144",
      "payload_bytes": 33595524,
      "prediction_bytes": 1,
      "raw_bytes": 1985715205,
      "raw_input_ratio": 63.99108420923084,
      "raw_input_ratio_charged": 63.45505258385385,
      "static_assets": 65,
      "static_definition_bytes": 262132,
      "tus": 689,
      "wire_bytes": 31031123,
      "wire_plus_model": 31293256
    },
    {
      "blocks": 237923,
      "budget": 262144,
      "decode_effective_GBps": 1.2333796711748826,
      "decode_seconds": 1.6099788665305823,
      "encode_effective_GBps": 4.611685642313237,
      "encode_seconds": 0.43058338295668364,
      "exact": true,
      "model_bytes": 262220,
      "name": "static-ngram-262144",
      "payload_bytes": 33595524,
      "prediction_bytes": 88,
      "raw_bytes": 1985715205,
      "raw_input_ratio": 63.99146364858633,
      "raw_input_ratio_charged": 63.455249276686956,
      "static_assets": 65,
      "static_definition_bytes": 262132,
      "tus": 689,
      "wire_bytes": 31030939,
      "wire_plus_model": 31293159
    },
    {
      "blocks": 237923,
      "budget": 1048576,
      "decode_effective_GBps": 1.2211567512736592,
      "decode_seconds": 1.626093622238841,
      "encode_effective_GBps": 4.5206830036461385,
      "encode_seconds": 0.4392511493060738,
      "exact": true,
      "model_bytes": 1048572,
      "name": "static-1048576",
      "payload_bytes": 33591585,
      "prediction_bytes": 1,
      "raw_bytes": 1985715205,
      "raw_input_ratio": 64.01017105029452,
      "raw_input_ratio_charged": 61.917300827971125,
      "static_assets": 149,
      "static_definition_bytes": 1048571,
      "tus": 689,
      "wire_bytes": 31021870,
      "wire_plus_model": 32070442
    },
    {
      "blocks": 237923,
      "budget": 1048576,
      "decode_effective_GBps": 1.136268232436989,
      "decode_seconds": 1.7475760989473201,
      "encode_effective_GBps": 4.5580341258369,
      "encode_seconds": 0.43565167573979124,
      "exact": true,
      "model_bytes": 1048695,
      "name": "static-ngram-1048576",
      "payload_bytes": 33591582,
      "prediction_bytes": 124,
      "raw_bytes": 1985715205,
      "raw_input_ratio": 64.01051357462504,
      "raw_input_ratio_charged": 61.91738384670549,
      "static_assets": 149,
      "static_definition_bytes": 1048571,
      "tus": 689,
      "wire_bytes": 31021704,
      "wire_plus_model": 32070399
    },
    {
      "blocks": 237923,
      "budget": 4194304,
      "decode_effective_GBps": 1.206400450490024,
      "decode_seconds": 1.6459834743873216,
      "encode_effective_GBps": 4.490700216597677,
      "encode_seconds": 0.44218387093860656,
      "exact": true,
      "model_bytes": 4194299,
      "name": "static-4194304",
      "payload_bytes": 33587824,
      "prediction_bytes": 1,
      "raw_bytes": 1985715205,
      "raw_input_ratio": 64.010005979637,
      "raw_input_ratio_charged": 56.386334757003794,
      "static_assets": 426,
      "static_definition_bytes": 4194298,
      "tus": 689,
      "wire_bytes": 31021950,
      "wire_plus_model": 35216249
    },
    {
      "blocks": 237923,
      "budget": 4194304,
      "decode_effective_GBps": 1.1662214768790526,
      "decode_seconds": 1.702691336395219,
      "encode_effective_GBps": 4.0938603083754,
      "encode_seconds": 0.48504713288275525,
      "exact": true,
      "model_bytes": 4194587,
      "name": "static-ngram-4194304",
      "payload_bytes": 33587811,
      "prediction_bytes": 289,
      "raw_bytes": 1985715205,
      "raw_input_ratio": 64.01041453106839,
      "raw_input_ratio_charged": 56.38619065428692,
      "static_assets": 426,
      "static_definition_bytes": 4194298,
      "tus": 689,
      "wire_bytes": 31021752,
      "wire_plus_model": 35216339
    },
    {
      "blocks": 237923,
      "budget": 16777216,
      "decode_effective_GBps": 1.1933279685767615,
      "decode_seconds": 1.6640146357822232,
      "encode_effective_GBps": 4.235993563926355,
      "encode_seconds": 0.4687720070942305,
      "exact": true,
      "model_bytes": 16777217,
      "name": "static-16777216",
      "payload_bytes": 33494029,
      "prediction_bytes": 1,
      "raw_bytes": 1985715205,
      "raw_input_ratio": 64.18045416478571,
      "raw_input_ratio_charged": 41.61461031108973,
      "static_assets": 43010,
      "static_definition_bytes": 16777216,
      "tus": 689,
      "wire_bytes": 30939563,
      "wire_plus_model": 47716780
    },
    {
      "blocks": 237923,
      "budget": 16777216,
      "decode_effective_GBps": 1.1905544798157384,
      "decode_seconds": 1.6678910866030492,
      "encode_effective_GBps": 4.327586607859401,
      "encode_seconds": 0.4588504829443991,
      "exact": true,
      "model_bytes": 16819822,
      "name": "static-ngram-16777216",
      "payload_bytes": 33489884,
      "prediction_bytes": 42606,
      "raw_bytes": 1985715205,
      "raw_input_ratio": 64.19797709866161,
      "raw_input_ratio_charged": 41.58484010995386,
      "static_assets": 43010,
      "static_definition_bytes": 16777216,
      "tus": 689,
      "wire_bytes": 30931118,
      "wire_plus_model": 47750940
    },
    {
      "blocks": 237923,
      "budget": 67108864,
      "decode_effective_GBps": 1.1875272980936937,
      "decode_seconds": 1.6721427862648852,
      "encode_effective_GBps": 4.316402229481575,
      "encode_seconds": 0.4600394262233749,
      "exact": true,
      "model_bytes": 67108859,
      "name": "static-67108864",
      "payload_bytes": 33439086,
      "prediction_bytes": 1,
      "raw_bytes": 1985715205,
      "raw_input_ratio": 64.19757237592856,
      "raw_input_ratio_charged": 20.254097524431106,
      "static_assets": 81988,
      "static_definition_bytes": 67108858,
      "tus": 689,
      "wire_bytes": 30931313,
      "wire_plus_model": 98040172
    },
    {
      "blocks": 237923,
      "budget": 67108864,
      "decode_effective_GBps": 1.239248384900838,
      "decode_seconds": 1.6023544829222374,
      "encode_effective_GBps": 4.57717084684373,
      "encode_seconds": 0.43383025703951716,
      "exact": true,
      "model_bytes": 67556729,
      "name": "static-ngram-67108864",
      "payload_bytes": 33432138,
      "prediction_bytes": 447871,
      "raw_bytes": 1985715205,
      "raw_input_ratio": 64.22293032462134,
      "raw_input_ratio_charged": 20.16449341086532,
      "static_assets": 81988,
      "static_definition_bytes": 67108858,
      "tus": 689,
      "wire_bytes": 30919100,
      "wire_plus_model": 98475829
    },
    {
      "blocks": 237923,
      "budget": 4194304,
      "decode_effective_GBps": 1.2341592026113222,
      "decode_seconds": 1.6089619562844746,
      "encode_effective_GBps": 4.562450406073038,
      "encode_seconds": 0.4352299813181162,
      "exact": true,
      "model_bytes": 4200691,
      "name": "static-gru-distilled-4194304",
      "payload_bytes": 33587814,
      "prediction_bytes": 6393,
      "raw_bytes": 1985715205,
      "raw_input_ratio": 64.01010089516105,
      "raw_input_ratio_charged": 56.37617571902354,
      "static_assets": 426,
      "static_definition_bytes": 4194298,
      "tus": 689,
      "wire_bytes": 31021904,
      "wire_plus_model": 35222595
    },
    {
      "blocks": 237923,
      "budget": 4194304,
      "decode_effective_GBps": 1.263310241779847,
      "decode_seconds": 1.5718349613016471,
      "encode_effective_GBps": 4.550957489296587,
      "encode_seconds": 0.43632910429732874,
      "exact": true,
      "model_bytes": 4200181,
      "name": "static-tcn-distilled-4194304",
      "payload_bytes": 33587823,
      "prediction_bytes": 5883,
      "raw_bytes": 1985715205,
      "raw_input_ratio": 64.01006994441575,
      "raw_input_ratio_charged": 56.376968011560926,
      "static_assets": 426,
      "static_definition_bytes": 4194298,
      "tus": 689,
      "wire_bytes": 31021919,
      "wire_plus_model": 35222100
    }
  ],
  "teacher_dataset": {
    "static_vocabulary": 426,
    "test_windows": 3842,
    "train_windows": 12000,
    "width": 64
  },
  "teachers": {
    "gru": {
      "distilled_bytes": 6393,
      "distilled_contexts": 448,
      "float_model_bytes": 593580,
      "history": [
        {
          "epoch": 1,
          "loss": 4.981394425903581,
          "seconds": 32.311762501019984
        },
        {
          "epoch": 2,
          "loss": 3.5354356555760105,
          "seconds": 34.2894565089955
        }
      ],
      "inference_seconds": 10.83105473703472,
      "inference_tokens_per_second": 22702.128829543537,
      "known_fraction": 0.001545419052576783,
      "known_test_tokens": 380,
      "parameters": 148395,
      "recall": {
        "1": 0.17894736842105263,
        "2": 0.34210526315789475,
        "4": 0.3763157894736842,
        "8": 0.4368421052631579
      },
      "test_tokens": 245888
    },
    "tcn": {
      "distilled_bytes": 5883,
      "distilled_contexts": 448,
      "float_model_bytes": 710380,
      "history": [
        {
          "epoch": 1,
          "loss": 5.586797176953155,
          "seconds": 5.226062820991501
        },
        {
          "epoch": 2,
          "loss": 4.467166285351288,
          "seconds": 4.984151425014716
        }
      ],
      "inference_seconds": 4.7916526009794325,
      "inference_tokens_per_second": 51315.90715690439,
      "known_fraction": 0.001545419052576783,
      "known_test_tokens": 380,
      "parameters": 177595,
      "recall": {
        "1": 0.08947368421052632,
        "2": 0.19210526315789472,
        "4": 0.24473684210526317,
        "8": 0.33157894736842103
      },
      "test_tokens": 245888
    }
  },
  "test": "linecache/traces/ml-duckdb.bin",
  "train": [
    "linecache/traces/ml-llvm.bin",
    "linecache/traces/ml-rocksdb.bin",
    "linecache/traces/ml-opencv.bin"
  ],
  "training": {
    "blocks": 971143,
    "raw_bytes": 11365586710,
    "regions": 15319092,
    "retained_candidates": 750000,
    "seconds": 17.974717069009785,
    "tus": 3366
  },
  "wall_seconds": 301.65127040899824
}
