
==== CODEC-50 (V1+S1(LZ blocks)+P27(mixed-regions+BYTE_ARRAY+BLOB+MO)+BSC_GROUPS+DIRECT_ORDINALS, z3) — manifests/abseil_withdictA.man ====
byte-exact=OK  TUs=8540 raw=23898.1 MiB regions=834427 distinct_lines=5040292 paths=24563 blocks=52606 (marker_lines=397062 literal_lines=5022758)
wire by category (post-z3, bytes): root=2187968 line_def=47107573 region_def=12459354 block_def=533022 path_def=704163 missing=1885784 framing=64852  TOTAL=64942716 (61.93 MiB)
material zstd levels: control=3 literal=3 array=3 blob=9
FinalRatio (raw / total wire, one cold pass) = 385.9x
mixed components: control=12459354 literal=24632771 array_control=556844 array_values=7292692 source_control=0 source_files=0 selector=7673 raw_literal=249671051 raw_array_values=43005462 raw_source_reused=3495538 source_package_raw=0 source_package_files=0 public_lines=746172 ops=[literal=1391510 publish=746172 ref=5667458 array=1615086 marker=397062 source=47190 patch=34718]
compressed blobs: count=112 deflated=31189526 inflated=124407478 wire=14617593 patch_raw=0 patch_wire=0 canonical_exact=0 corrected=0 replaced=0 transform_candidate_wire=1416431 ordinary_candidate_wire=31189558 transform_tus=4 ordinary_tus=0 fallbacks=0 fallback_request_wire=0 fallback_reply_wire=0 threads=8 zstd_workers=4 zstd_job_mib=5 zstd_overlap_log=3 mode=lazy-reply canonical=zlib-1.2.11-level9
MO factor: policy_tus=4 candidate_wire=13201205 selected_tus=4 members=107 member_raw=114059263 new_originals=34542 C_dictionary=34542 F_dictionary=34542 C_string_bytes=4877391 F_string_bytes=4877391
literal groups: tus_per_group=112 groups=77 workers=16 raw=249671051 wire=24632771 packed_header_bytes=4 candidates=zstd3,bsc selected=[zstd3=3 bsc=74 zstd10=0] encode_seconds=1.082705 decode_seconds=0.691297 retained_wire=/home/ttuser/gdict/runs/abseil_withdictA.wire
key map: half_cold_bit=-1 preloaded_regions=0 preloaded_raw_bytes=0 associated_regions=0 association_wire=0 missing_reply_wire=1885784
direct ordinals: generation_latched=1 region_namespaces=1 block_lifetime=generation
DIAG legacy Line ceilings omitted for the selected persistent definition format
H200 f-checkpoints (cum raw fraction -> cumulative ratio):
  f=0.10  ratio=419x
  f=0.25  ratio=372x
  f=0.50  ratio=279x
  f=0.75  ratio=318x
  f=1.00  ratio=386x
per-TU curve: /home/ttuser/gdict/runs/abseil_withdictA.curve.tsv rows=8540 cumulative_raw=25058971876 cumulative_wire=64942716
per-TU component curve: /home/ttuser/gdict/runs/abseil_withdictA.components.tsv rows=8540 cumulative_raw=25058971876 cumulative_wire=64942716
trailing 5%-raw window ratio (steady) = 2507x
