
==== CODEC-50 (V1+S1(LZ blocks)+P27(mixed-regions+BYTE_ARRAY+BLOB+MO)+BSC_GROUPS+DIRECT_ORDINALS, z3) — manifests/abseil_warm.man ====
byte-exact=OK  TUs=1484 raw=5152.7 MiB regions=278290 distinct_lines=376835 paths=2159 blocks=13021 (marker_lines=75976 literal_lines=293204)
wire by category (post-z3, bytes): root=627527 line_def=1764402 region_def=1920620 block_def=125637 path_def=68778 missing=578383 framing=8540  TOTAL=5093887 (4.86 MiB)
material zstd levels: control=3 literal=3 array=3 blob=9
FinalRatio (raw / total wire, one cold pass) = 1060.7x
mixed components: control=1920620 literal=1758522 array_control=304 array_values=4925 source_control=0 source_files=0 selector=651 raw_literal=20987587 raw_array_values=5674 raw_source_reused=2748207 source_package_raw=0 source_package_files=0 public_lines=100841 ops=[literal=154629 publish=100841 ref=770534 array=465 marker=75976 source=38334 patch=25528]
compressed blobs: count=0 deflated=0 inflated=0 wire=0 patch_raw=0 patch_wire=0 canonical_exact=0 corrected=0 replaced=0 transform_candidate_wire=0 ordinary_candidate_wire=0 transform_tus=0 ordinary_tus=0 fallbacks=0 fallback_request_wire=0 fallback_reply_wire=0 threads=8 zstd_workers=4 zstd_job_mib=5 zstd_overlap_log=3 mode=lazy-reply canonical=zlib-1.2.11-level9
MO factor: policy_tus=0 candidate_wire=0 selected_tus=0 members=0 member_raw=0 new_originals=0 C_dictionary=0 F_dictionary=0 C_string_bytes=0 F_string_bytes=0
literal groups: tus_per_group=112 groups=14 workers=16 raw=20987587 wire=1758522 packed_header_bytes=4 candidates=zstd3,bsc selected=[zstd3=0 bsc=7 zstd10=0] encode_seconds=0.163141 decode_seconds=0.081744 retained_wire=/home/ttuser/gdict/runs/abseil_warm.wire
key map: half_cold_bit=-1 preloaded_regions=0 preloaded_raw_bytes=0 associated_regions=0 association_wire=0 missing_reply_wire=578383
direct ordinals: generation_latched=1 region_namespaces=1 block_lifetime=generation
DIAG legacy Line ceilings omitted for the selected persistent definition format
H200 f-checkpoints (cum raw fraction -> cumulative ratio):
  f=0.10  ratio=238x
  f=0.25  ratio=295x
  f=0.50  ratio=534x
  f=0.75  ratio=798x
  f=1.00  ratio=1061x
per-TU curve: /home/ttuser/gdict/runs/abseil_warm.curve.tsv rows=1484 cumulative_raw=5403009896 cumulative_wire=5093887
per-TU component curve: /home/ttuser/gdict/runs/abseil_warm.components.tsv rows=1484 cumulative_raw=5403009896 cumulative_wire=5093887
trailing 5%-raw window ratio (steady) = 137358x
