
==== CODEC-50 (V1+S1(LZ blocks)+P27(mixed-regions+BYTE_ARRAY+BLOB+MO)+BSC_GROUPS+DIRECT_ORDINALS, z3) — manifests/cereal_withdictA.man ====
byte-exact=OK  TUs=7924 raw=21748.4 MiB regions=562950 distinct_lines=4753479 paths=23128 blocks=41431 (marker_lines=327307 literal_lines=4792520)
wire by category (post-z3, bytes): root=1580608 line_def=45580306 region_def=10898390 block_def=421120 path_def=644690 missing=1328355 framing=59964  TOTAL=60513433 (57.71 MiB)
material zstd levels: control=3 literal=3 array=3 blob=9
FinalRatio (raw / total wire, one cold pass) = 376.9x
mixed components: control=10898390 literal=23110983 array_control=556650 array_values=7288013 source_control=0 source_files=0 selector=7067 raw_literal=231139701 raw_array_values=43003260 raw_source_reused=3482205 source_package_raw=0 source_package_files=0 public_lines=651256 ops=[literal=1251291 publish=651256 ref=5009350 array=1614838 marker=327307 source=47019 patch=34622]
compressed blobs: count=112 deflated=31189526 inflated=124407478 wire=14617593 patch_raw=0 patch_wire=0 canonical_exact=0 corrected=0 replaced=0 transform_candidate_wire=1416431 ordinary_candidate_wire=31189558 transform_tus=4 ordinary_tus=0 fallbacks=0 fallback_request_wire=0 fallback_reply_wire=0 threads=8 zstd_workers=4 zstd_job_mib=5 zstd_overlap_log=3 mode=lazy-reply canonical=zlib-1.2.11-level9
MO factor: policy_tus=4 candidate_wire=13201205 selected_tus=4 members=107 member_raw=114059263 new_originals=34542 C_dictionary=34542 F_dictionary=34542 C_string_bytes=4877391 F_string_bytes=4877391
literal groups: tus_per_group=112 groups=71 workers=16 raw=231139701 wire=23110983 packed_header_bytes=4 candidates=zstd3,bsc selected=[zstd3=3 bsc=68 zstd10=0] encode_seconds=1.021920 decode_seconds=0.657501 retained_wire=/home/ttuser/gdict/runs/cereal_withdictA.wire
key map: half_cold_bit=-1 preloaded_regions=0 preloaded_raw_bytes=0 associated_regions=0 association_wire=0 missing_reply_wire=1328355
direct ordinals: generation_latched=1 region_namespaces=1 block_lifetime=generation
DIAG legacy Line ceilings omitted for the selected persistent definition format
H200 f-checkpoints (cum raw fraction -> cumulative ratio):
  f=0.10  ratio=444x
  f=0.25  ratio=372x
  f=0.50  ratio=429x
  f=0.75  ratio=299x
  f=1.00  ratio=377x
per-TU curve: /home/ttuser/gdict/runs/cereal_withdictA.curve.tsv rows=7924 cumulative_raw=22804862838 cumulative_wire=60513433
per-TU component curve: /home/ttuser/gdict/runs/cereal_withdictA.components.tsv rows=7924 cumulative_raw=22804862838 cumulative_wire=60513433
trailing 5%-raw window ratio (steady) = 1258x
