
==== CODEC-50 (V1+S1(LZ blocks)+P27(mixed-regions+BYTE_ARRAY+BLOB+MO)+BSC_GROUPS+DIRECT_ORDINALS, z3) — /home/ttuser/gdict/manifests/dictA_prefix.man ====
byte-exact=OK  TUs=7840 raw=21436.7 MiB regions=561422 distinct_lines=4745129 paths=22964 blocks=41317 (marker_lines=325946 literal_lines=4784731)
wire by category (post-z3, bytes): root=1575748 line_def=45520278 region_def=10845158 block_def=419377 path_def=640497 missing=1323802 framing=59448  TOTAL=60384308 (57.59 MiB)
material zstd levels: control=3 literal=3 array=3 blob=9
FinalRatio (raw / total wire, one cold pass) = 372.2x
mixed components: control=10845158 literal=23051243 array_control=556575 array_values=7287845 source_control=0 source_files=0 selector=7022 raw_literal=230477848 raw_array_values=43000252 raw_source_reused=3482205 source_package_raw=0 source_package_files=0 public_lines=647418 ops=[literal=1247158 publish=647418 ref=4986851 array=1614650 marker=325946 source=47019 patch=34622]
compressed blobs: count=112 deflated=31189526 inflated=124407478 wire=14617593 patch_raw=0 patch_wire=0 canonical_exact=0 corrected=0 replaced=0 transform_candidate_wire=1416431 ordinary_candidate_wire=31189558 transform_tus=4 ordinary_tus=0 fallbacks=0 fallback_request_wire=0 fallback_reply_wire=0 threads=8 zstd_workers=4 zstd_job_mib=5 zstd_overlap_log=3 mode=lazy-reply canonical=zlib-1.2.11-level9
MO factor: policy_tus=4 candidate_wire=13201205 selected_tus=4 members=107 member_raw=114059263 new_originals=34542 C_dictionary=34542 F_dictionary=34542 C_string_bytes=4877391 F_string_bytes=4877391
literal groups: tus_per_group=112 groups=70 workers=16 raw=230477848 wire=23051243 packed_header_bytes=4 candidates=zstd3,bsc selected=[zstd3=3 bsc=67 zstd10=0] encode_seconds=1.064216 decode_seconds=0.658794 retained_wire=/home/ttuser/gdict/runs/dictA_prefix.wire
key map: half_cold_bit=-1 preloaded_regions=0 preloaded_raw_bytes=0 associated_regions=0 association_wire=0 missing_reply_wire=1323802
direct ordinals: generation_latched=1 region_namespaces=1 block_lifetime=generation
DIAG legacy Line ceilings omitted for the selected persistent definition format
H200 f-checkpoints (cum raw fraction -> cumulative ratio):
  f=0.10  ratio=455x
  f=0.25  ratio=369x
  f=0.50  ratio=424x
  f=0.75  ratio=294x
  f=1.00  ratio=372x
per-TU curve: /home/ttuser/gdict/runs/dictA_prefix.curve.tsv rows=7840 cumulative_raw=22477963409 cumulative_wire=60384308
per-TU component curve: /home/ttuser/gdict/runs/dictA_prefix.components.tsv rows=7840 cumulative_raw=22477963409 cumulative_wire=60384308
trailing 5%-raw window ratio (steady) = 1339x
