
==== CODEC-50 (V1+S1(LZ blocks)+P27(mixed-regions+BYTE_ARRAY+BLOB+MO)+BSC_GROUPS+DIRECT_ORDINALS, z3) — manifests/dictA1_prefix.man ====
byte-exact=OK  TUs=6608 raw=18010.4 MiB regions=503341 distinct_lines=4018421 paths=18974 blocks=30587 (marker_lines=270481 literal_lines=4021062)
wire by category (post-z3, bytes): root=1366865 line_def=40673975 region_def=9301211 block_def=307607 path_def=503888 missing=1175507 framing=49568  TOTAL=53378621 (50.91 MiB)
material zstd levels: control=3 literal=3 array=3 blob=9
FinalRatio (raw / total wire, one cold pass) = 353.8x
mixed components: control=9301211 literal=18472109 array_control=554361 array_values=7024128 source_control=0 source_files=0 selector=5784 raw_literal=197243395 raw_array_values=42695568 raw_source_reused=3464361 source_package_raw=0 source_package_files=0 public_lines=591224 ops=[literal=1018612 publish=591224 ref=4226767 array=1589153 marker=270481 source=46787 patch=34589]
compressed blobs: count=112 deflated=31189526 inflated=124407478 wire=14617593 patch_raw=0 patch_wire=0 canonical_exact=0 corrected=0 replaced=0 transform_candidate_wire=1416431 ordinary_candidate_wire=31189558 transform_tus=4 ordinary_tus=0 fallbacks=0 fallback_request_wire=0 fallback_reply_wire=0 threads=8 zstd_workers=4 zstd_job_mib=5 zstd_overlap_log=3 mode=lazy-reply canonical=zlib-1.2.11-level9
MO factor: policy_tus=4 candidate_wire=13201205 selected_tus=4 members=107 member_raw=114059263 new_originals=34542 C_dictionary=34542 F_dictionary=34542 C_string_bytes=4877391 F_string_bytes=4877391
literal groups: tus_per_group=112 groups=59 workers=16 raw=197243395 wire=18472109 packed_header_bytes=4 candidates=zstd3,bsc selected=[zstd3=3 bsc=56 zstd10=0] encode_seconds=1.370283 decode_seconds=0.998228 retained_wire=/home/ttuser/gdict/runs/dictA1_prefix.wire
key map: half_cold_bit=-1 preloaded_regions=0 preloaded_raw_bytes=0 associated_regions=0 association_wire=0 missing_reply_wire=1175507
direct ordinals: generation_latched=1 region_namespaces=1 block_lifetime=generation
DIAG legacy Line ceilings omitted for the selected persistent definition format
H200 f-checkpoints (cum raw fraction -> cumulative ratio):
  f=0.10  ratio=246x
  f=0.25  ratio=383x
  f=0.50  ratio=227x
  f=0.75  ratio=275x
  f=1.00  ratio=354x
per-TU curve: /home/ttuser/gdict/runs/dictA1_prefix.curve.tsv rows=6608 cumulative_raw=18885324794 cumulative_wire=53378621
per-TU component curve: /home/ttuser/gdict/runs/dictA1_prefix.components.tsv rows=6608 cumulative_raw=18885324794 cumulative_wire=53378621
trailing 5%-raw window ratio (steady) = 1205x
