
==== CODEC-50 (V1+S1(LZ blocks)+P27(mixed-regions+BYTE_ARRAY+BLOB+MO)+BSC_GROUPS+DIRECT_ORDINALS, z3) — /home/ttuser/ictmp/firefox/manifest.txt ====
byte-exact=OK  TUs=10010 raw=104514.8 MiB regions=249713 distinct_lines=3273370 paths=31510 blocks=72176 (marker_lines=227270 literal_lines=3466587)
wire by category (post-z3, bytes): root=1006717 line_def=23709623 region_def=10919255 block_def=633015 path_def=515019 missing=558337 framing=49988  TOTAL=37391954 (35.66 MiB)
material zstd levels: control=3 literal=3 array=3 blob=9
FinalRatio (raw / total wire, one cold pass) = 2930.9x
mixed components: control=10919255 literal=22615146 array_control=6112 array_values=1085878 source_control=0 source_files=0 selector=2487 raw_literal=218372781 raw_array_values=1300391 raw_source_reused=0 source_package_raw=0 source_package_files=0 public_lines=572879 ops=[literal=1580317 publish=572879 ref=6553675 array=107133 marker=227270 source=0 patch=0]
compressed blobs: count=0 deflated=0 inflated=0 wire=0 patch_raw=0 patch_wire=0 canonical_exact=0 corrected=0 replaced=0 transform_candidate_wire=0 ordinary_candidate_wire=0 transform_tus=0 ordinary_tus=0 fallbacks=0 fallback_request_wire=0 fallback_reply_wire=0 threads=8 zstd_workers=4 zstd_job_mib=5 zstd_overlap_log=3 mode=lazy-reply canonical=zlib-1.2.11-level9
MO factor: policy_tus=0 candidate_wire=0 selected_tus=0 members=0 member_raw=0 new_originals=0 C_dictionary=0 F_dictionary=0 C_string_bytes=0 F_string_bytes=0
literal groups: tus_per_group=112 groups=90 workers=16 raw=218372781 wire=22615146 packed_header_bytes=4 candidates=zstd3,bsc selected=[zstd3=0 bsc=90 zstd10=0] encode_seconds=1.164482 decode_seconds=0.728908 retained_wire=/home/ttuser/gdict/runs/firefox_cold_nodict.wire
key map: half_cold_bit=-1 preloaded_regions=0 preloaded_raw_bytes=0 associated_regions=0 association_wire=0 missing_reply_wire=558337
direct ordinals: generation_latched=1 region_namespaces=1 block_lifetime=generation
DIAG legacy Line ceilings omitted for the selected persistent definition format
H200 f-checkpoints (cum raw fraction -> cumulative ratio):
  f=0.10  ratio=1026x
  f=0.25  ratio=1691x
  f=0.50  ratio=2388x
  f=0.75  ratio=2891x
  f=1.00  ratio=2931x
per-TU curve: /home/ttuser/gdict/runs/firefox_cold_nodict.curve.tsv rows=10010 cumulative_raw=109591729873 cumulative_wire=37391954
per-TU component curve: /home/ttuser/gdict/runs/firefox_cold_nodict.components.tsv rows=10010 cumulative_raw=109591729873 cumulative_wire=37391954
trailing 5%-raw window ratio (steady) = 1440x
