
==== CODEC-50 (V1+S1(LZ blocks)+P27(mixed-regions+BYTE_ARRAY+BLOB+MO)+BSC_GROUPS+DIRECT_ORDINALS, z3) — manifests/llvmfull_warm.man ====
byte-exact=OK  TUs=16317 raw=82273.4 MiB regions=513450 distinct_lines=6669610 paths=18449 blocks=67053 (marker_lines=418364 literal_lines=9534416)
wire by category (post-z3, bytes): root=1677906 line_def=40269559 region_def=14033132 block_def=804108 path_def=725619 missing=1366138 framing=97804  TOTAL=58974266 (56.24 MiB)
material zstd levels: control=3 literal=3 array=3 blob=9
FinalRatio (raw / total wire, one cold pass) = 1462.8x
mixed components: control=14033132 literal=39936440 array_control=13257 array_values=311728 source_control=0 source_files=0 selector=8134 raw_literal=681389830 raw_array_values=2024603 raw_source_reused=2489020 source_package_raw=0 source_package_files=0 public_lines=612560 ops=[literal=2631306 publish=612560 ref=12274532 array=45095 marker=418364 source=28673 patch=32020]
compressed blobs: count=0 deflated=0 inflated=0 wire=0 patch_raw=0 patch_wire=0 canonical_exact=0 corrected=0 replaced=0 transform_candidate_wire=0 ordinary_candidate_wire=0 transform_tus=0 ordinary_tus=0 fallbacks=0 fallback_request_wire=0 fallback_reply_wire=0 threads=8 zstd_workers=4 zstd_job_mib=5 zstd_overlap_log=3 mode=lazy-reply canonical=zlib-1.2.11-level9
MO factor: policy_tus=0 candidate_wire=0 selected_tus=0 members=0 member_raw=0 new_originals=0 C_dictionary=0 F_dictionary=0 C_string_bytes=0 F_string_bytes=0
literal groups: tus_per_group=112 groups=146 workers=16 raw=681389830 wire=39936440 packed_header_bytes=4 candidates=zstd3,bsc selected=[zstd3=0 bsc=73 zstd10=0] encode_seconds=2.816630 decode_seconds=1.832357 retained_wire=/home/ttuser/gdict/runs/llvmfull_warm.wire
key map: half_cold_bit=-1 preloaded_regions=0 preloaded_raw_bytes=0 associated_regions=0 association_wire=0 missing_reply_wire=1366138
direct ordinals: generation_latched=1 region_namespaces=1 block_lifetime=generation
DIAG legacy Line ceilings omitted for the selected persistent definition format
H200 f-checkpoints (cum raw fraction -> cumulative ratio):
  f=0.10  ratio=429x
  f=0.25  ratio=544x
  f=0.50  ratio=737x
  f=0.75  ratio=1101x
  f=1.00  ratio=1463x
per-TU curve: /home/ttuser/gdict/runs/llvmfull_warm.curve.tsv rows=16317 cumulative_raw=86269878764 cumulative_wire=58974266
per-TU component curve: /home/ttuser/gdict/runs/llvmfull_warm.components.tsv rows=16317 cumulative_raw=86269878764 cumulative_wire=58974266
trailing 5%-raw window ratio (steady) = 69467x
