
==== CODEC-50 (V1+S1(LZ blocks)+P27(mixed-regions+BYTE_ARRAY+BLOB+MO)+BSC_GROUPS+DIRECT_ORDINALS, z3) — /home/ttuser/gdict/manifests/rocksdb_warm.man ====
byte-exact=OK  TUs=1294 raw=6220.8 MiB regions=641506 distinct_lines=587613 paths=1812 blocks=7945 (marker_lines=162270 literal_lines=416527)
wire by category (post-z3, bytes): root=1396941 line_def=2236844 region_def=3443063 block_def=76951 path_def=58920 missing=1351421 framing=7660  TOTAL=8571800 (8.17 MiB)
material zstd levels: control=3 literal=3 array=3 blob=9
FinalRatio (raw / total wire, one cold pass) = 761.0x
mixed components: control=3443063 literal=2235832 array_control=117 array_values=274 source_control=0 source_files=0 selector=621 raw_literal=30118741 raw_array_values=250 raw_source_reused=2962834 source_package_raw=0 source_package_files=0 public_lines=208626 ops=[literal=255539 publish=208626 ref=1332755 array=18 marker=162270 source=39927 patch=29524]
compressed blobs: count=0 deflated=0 inflated=0 wire=0 patch_raw=0 patch_wire=0 canonical_exact=0 corrected=0 replaced=0 transform_candidate_wire=0 ordinary_candidate_wire=0 transform_tus=0 ordinary_tus=0 fallbacks=0 fallback_request_wire=0 fallback_reply_wire=0 threads=8 zstd_workers=4 zstd_job_mib=5 zstd_overlap_log=3 mode=lazy-reply canonical=zlib-1.2.11-level9
MO factor: policy_tus=0 candidate_wire=0 selected_tus=0 members=0 member_raw=0 new_originals=0 C_dictionary=0 F_dictionary=0 C_string_bytes=0 F_string_bytes=0
literal groups: tus_per_group=112 groups=12 workers=16 raw=30118741 wire=2235832 packed_header_bytes=4 candidates=zstd3,bsc selected=[zstd3=0 bsc=6 zstd10=0] encode_seconds=0.320119 decode_seconds=0.101543 retained_wire=/home/ttuser/gdict/runs/rocksdb_warm.wire
key map: half_cold_bit=-1 preloaded_regions=0 preloaded_raw_bytes=0 associated_regions=0 association_wire=0 missing_reply_wire=1351421
direct ordinals: generation_latched=1 region_namespaces=1 block_lifetime=generation
DIAG legacy Line ceilings omitted for the selected persistent definition format
H200 f-checkpoints (cum raw fraction -> cumulative ratio):
  f=0.10  ratio=169x
  f=0.25  ratio=264x
  f=0.50  ratio=383x
  f=0.75  ratio=572x
  f=1.00  ratio=761x
per-TU curve: /home/ttuser/gdict/runs/rocksdb_warm.curve.tsv rows=1294 cumulative_raw=6522990885 cumulative_wire=8571800
per-TU component curve: /home/ttuser/gdict/runs/rocksdb_warm.components.tsv rows=1294 cumulative_raw=6522990885 cumulative_wire=8571800
trailing 5%-raw window ratio (steady) = 83009x
