
==== CODEC-50 (V1+S1(LZ blocks)+P27(mixed-regions+BYTE_ARRAY+BLOB+MO)+BSC_GROUPS+DIRECT_ORDINALS, z3) — /home/ttuser/gdict/manifests/rocksdb_withdictA.man ====
byte-exact=OK  TUs=8462 raw=24406.7 MiB regions=1197995 distinct_lines=5261044 paths=24208 blocks=48640 (marker_lines=483465 literal_lines=5153981)
wire by category (post-z3, bytes): root=2963429 line_def=47663433 region_def=13957409 block_def=493038 path_def=694509 missing=2658025 framing=64420  TOTAL=68494263 (65.32 MiB)
material zstd levels: control=3 literal=3 array=3 blob=9
FinalRatio (raw / total wire, one cold pass) = 373.6x
mixed components: control=13957409 literal=25193653 array_control=556643 array_values=7287901 source_control=0 source_files=0 selector=7643 raw_literal=259583222 raw_array_values=43000310 raw_source_reused=3495183 source_package_raw=0 source_package_files=0 public_lines=852820 ops=[literal=1496640 publish=852820 ref=6256994 array=1614656 marker=483465 source=47163 patch=34814]
compressed blobs: count=112 deflated=31189526 inflated=124407478 wire=14617593 patch_raw=0 patch_wire=0 canonical_exact=0 corrected=0 replaced=0 transform_candidate_wire=1416431 ordinary_candidate_wire=31189558 transform_tus=4 ordinary_tus=0 fallbacks=0 fallback_request_wire=0 fallback_reply_wire=0 threads=8 zstd_workers=4 zstd_job_mib=5 zstd_overlap_log=3 mode=lazy-reply canonical=zlib-1.2.11-level9
MO factor: policy_tus=4 candidate_wire=13201205 selected_tus=4 members=107 member_raw=114059263 new_originals=34542 C_dictionary=34542 F_dictionary=34542 C_string_bytes=4877391 F_string_bytes=4877391
literal groups: tus_per_group=112 groups=76 workers=16 raw=259583222 wire=25193653 packed_header_bytes=4 candidates=zstd3,bsc selected=[zstd3=3 bsc=73 zstd10=0] encode_seconds=1.217235 decode_seconds=0.723034 retained_wire=/home/ttuser/gdict/runs/rocksdb_withdictA.wire
key map: half_cold_bit=-1 preloaded_regions=0 preloaded_raw_bytes=0 associated_regions=0 association_wire=0 missing_reply_wire=2658025
direct ordinals: generation_latched=1 region_namespaces=1 block_lifetime=generation
DIAG legacy Line ceilings omitted for the selected persistent definition format
H200 f-checkpoints (cum raw fraction -> cumulative ratio):
  f=0.10  ratio=426x
  f=0.25  ratio=372x
  f=0.50  ratio=284x
  f=0.75  ratio=324x
  f=1.00  ratio=374x
per-TU curve: /home/ttuser/gdict/runs/rocksdb_withdictA.curve.tsv rows=8462 cumulative_raw=25592284005 cumulative_wire=68494263
per-TU component curve: /home/ttuser/gdict/runs/rocksdb_withdictA.components.tsv rows=8462 cumulative_raw=25592284005 cumulative_wire=68494263
trailing 5%-raw window ratio (steady) = 574x
